----------------------------------------------------------------
-Pin Report - Date: Sun Nov 10 20:29:48 2024 Pinchecksum: NOT-AVAILABLE
-Product: Designer
-Release: v2023.2
-Version: 2023.2.0.8
-Design Name: I2C
-Family: SmartFusion2
-Die: M2S050
-Package: 484 FBGA
-----------------------------------------------------------------

Port         |Pin |Fixed |Function                         |Bank     |I/O Std   |Direction                      |I/O state in Flash*Freeze mode |Resistor Pull                      |I/O available in Flash*Freeze mode |Schmitt Trigger |Odt_Static    |Odt Imp (Ohm)  |Low Power Exit |Input Delay |Slew         |Pre-Emphasis      |Output Drive (mA) |Output Load (pF) |
-------------|----|------|---------------------------------|---------|----------|-------------------------------|-------------------------------|-----------------------------------|-----------------------------------|----------------|--------------|---------------|---------------|------------|-------------|------------------|------------------|-----------------|
data_out[0]   K18  No     MSIO24PB3/SPI_1_SS2/GPIO_15_A     Bank3     LVCMOS33   Output                          TRISTATE                        None                                No                                  ---              ---            ---             ---             ---          ---           ---                4                  5                 
data_out[1]   L18  No     MSIO18NB3/SPI_1_SS5/GPIO_18_A     Bank3     LVCMOS33   Output                          TRISTATE                        None                                No                                  ---              ---            ---             ---             ---          ---           ---                4                  5                 
data_out[2]   K15  No     MSIO22NB3/SPI_0_SS2/GPIO_9_A      Bank3     LVCMOS33   Output                          TRISTATE                        None                                No                                  ---              ---            ---             ---             ---          ---           ---                4                  5                 
data_out[3]   L16  No     MSIO22PB3/SPI_0_SS1/GPIO_8_A      Bank3     LVCMOS33   Output                          TRISTATE                        None                                No                                  ---              ---            ---             ---             ---          ---           ---                4                  5                 
data_out[4]   K17  No     MSIO23PB3/SPI_0_SS3/GPIO_10_A     Bank3     LVCMOS33   Output                          TRISTATE                        None                                No                                  ---              ---            ---             ---             ---          ---           ---                4                  5                 
data_out[5]   J18  No     MSIO24NB3/SPI_1_SS3/GPIO_16_A     Bank3     LVCMOS33   Output                          TRISTATE                        None                                No                                  ---              ---            ---             ---             ---          ---           ---                4                  5                 
data_out[6]   K20  No     MSIO19NB3/SPI_1_SS7/GPIO_24_A     Bank3     LVCMOS33   Output                          TRISTATE                        None                                No                                  ---              ---            ---             ---             ---          ---           ---                4                  5                 
data_out[7]   L19  No     MSIO18PB3/SPI_1_SS4/GPIO_17_A     Bank3     LVCMOS33   Output                          TRISTATE                        None                                No                                  ---              ---            ---             ---             ---          ---           ---                4                  5                 
MMUART_0_RXD  C22  Yes    MSIO47PB1/MMUART_0_RXD/GPIO_28_B  Bank1     LVCMOS33   Input                           TRISTATE                        None                                No                                  Off              ---            ---             Off             Off          ---           ---                ---                ---               
MMUART_0_TXD  D21  Yes    MSI46NB1/MMUART_0_TXD/GPIO_27_B   Bank1     LVCMOS33   Output                          TRISTATE                        None                                No                                  ---              ---            ---             ---             ---          ---           ---                4                  5                 
read_data     N16  Yes    MSIO8PB3/CAN_RX/GPIO_3_A          Bank3     LVCMOS33   Output                          TRISTATE                        None                                No                                  ---              ---            ---             ---             ---          ---           ---                4                  5                 
ready         B1   Yes    MSIO103NB8                        Bank8     LVCMOS33   Output                          TRISTATE                        None                                No                                  ---              ---            ---             ---             ---          ---           ---                4                  5                 
scl           P18  Yes    MSIO6NB3                          Bank3     LVCMOS33   Output                          TRISTATE                        None                                No                                  ---              ---            ---             ---             ---          ---           ---                4                  5                 
sda           C3   Yes    MSIO97PB8                         Bank8     LVCMOS33   Inout                           TRISTATE                        None                                No                                  Off              ---            ---             Off             Off          ---           ---                4                  5                 
